2026-02-28 16:43:30,726 - INFO - Training Configuration:
2026-02-28 16:43:30,726 - INFO - Training Configuration:
2026-02-28 16:43:30,726 - INFO -   categories: ['bottle', 'capsule', 'pill', 'toothbrush']
2026-02-28 16:43:30,726 - INFO -   use_data_augmentation: False
2026-02-28 16:43:30,726 - INFO -   epochs: 120
2026-02-28 16:43:30,726 - INFO -   batch_size: 2
2026-02-28 16:43:30,726 - INFO -   gradient_accumulation_steps: 4
2026-02-28 16:43:30,726 - INFO -   learning_rate: 0.0001
2026-02-28 16:43:30,726 - INFO -   weight_decay: 0.01
2026-02-28 16:43:30,726 - INFO -   max_grad_norm: 1.0
2026-02-28 16:43:30,726 - INFO -   lr_scheduler: cosine
2026-02-28 16:43:30,726 - INFO -   lr_warmup_steps: 100
2026-02-28 16:43:30,726 - INFO -   lr_eta_min: 1e-06
2026-02-28 16:43:30,726 - INFO -   save_every_n_epochs: 5
2026-02-28 16:43:30,726 - INFO -   save_log_every_n_epochs: 5
2026-02-28 16:43:30,726 - INFO -   output_dir: trained_models/train2
2026-02-28 16:43:30,726 - INFO -   image_size: 512
2026-02-28 16:43:30,726 - INFO -   train_split: 0.9
2026-02-28 16:43:30,726 - INFO -   seed: 999
2026-02-28 16:43:30,726 - INFO -   early_stop_patience: 20
2026-02-28 16:43:30,726 - INFO -   early_stop_min_delta: 0.0001
2026-02-28 16:43:30,726 - INFO -   min_epochs_before_early_stop: 20
2026-02-28 16:43:30,726 - INFO -   num_workers: 2
2026-02-28 16:43:30,726 - INFO - ==================================================
2026-02-28 16:43:30,727 - INFO - 
Loading Stable Diffusion model...
2026-02-28 16:43:33,628 - INFO - ✓ Model loaded successfully
2026-02-28 16:43:33,628 - INFO - 
Applying LoRA configuration...
2026-02-28 16:43:33,794 - INFO - LoRA applied:
2026-02-28 16:43:33,798 - INFO - 
Preparing dataset...
2026-02-28 16:43:33,800 - INFO - Loaded 755 training images from 4 categories
2026-02-28 16:43:33,800 - INFO -   bottle: 209 images
2026-02-28 16:43:33,800 - INFO -   capsule: 219 images
2026-02-28 16:43:33,800 - INFO -   pill: 267 images
2026-02-28 16:43:33,800 - INFO -   toothbrush: 60 images
2026-02-28 16:43:33,800 - INFO - 
Dataset split: 679 training, 76 validation
2026-02-28 16:43:33,800 - INFO - 
Dataset split: 679 training, 76 validation
2026-02-28 16:43:33,808 - INFO - 
Starting training on 4 categories...
2026-02-28 16:43:33,808 - INFO - Total epochs: 120
2026-02-28 16:43:33,808 - INFO - Effective batch size: 8
2026-02-28 16:43:33,809 - INFO - 
==================================================
2026-02-28 16:43:44,492 - INFO - Training Configuration:
2026-02-28 16:43:44,492 - INFO - Training Configuration:
2026-02-28 16:43:44,492 - INFO -   categories: ['bottle', 'capsule', 'pill', 'toothbrush']
2026-02-28 16:43:44,492 - INFO -   use_data_augmentation: False
2026-02-28 16:43:44,492 - INFO -   epochs: 120
2026-02-28 16:43:44,492 - INFO -   batch_size: 2
2026-02-28 16:43:44,492 - INFO -   gradient_accumulation_steps: 4
2026-02-28 16:43:44,492 - INFO -   learning_rate: 0.0001
2026-02-28 16:43:44,492 - INFO -   weight_decay: 0.01
2026-02-28 16:43:44,492 - INFO -   max_grad_norm: 1.0
2026-02-28 16:43:44,492 - INFO -   lr_scheduler: cosine
2026-02-28 16:43:44,492 - INFO -   lr_warmup_steps: 100
2026-02-28 16:43:44,492 - INFO -   lr_eta_min: 1e-06
2026-02-28 16:43:44,492 - INFO -   save_every_n_epochs: 5
2026-02-28 16:43:44,492 - INFO -   save_log_every_n_epochs: 5
2026-02-28 16:43:44,492 - INFO -   output_dir: trained_models/train3
2026-02-28 16:43:44,492 - INFO -   image_size: 512
2026-02-28 16:43:44,492 - INFO -   train_split: 0.9
2026-02-28 16:43:44,493 - INFO -   seed: 999
2026-02-28 16:43:44,493 - INFO -   early_stop_patience: 20
2026-02-28 16:43:44,493 - INFO -   early_stop_min_delta: 0.0001
2026-02-28 16:43:44,493 - INFO -   min_epochs_before_early_stop: 20
2026-02-28 16:43:44,493 - INFO -   num_workers: 2
2026-02-28 16:43:44,493 - INFO - ==================================================
2026-02-28 16:43:44,493 - INFO - 
Loading Stable Diffusion model...
2026-02-28 16:43:54,723 - INFO - ✓ Model loaded successfully
2026-02-28 16:43:54,724 - INFO - 
Applying LoRA configuration...
2026-02-28 16:43:55,370 - INFO - LoRA applied:
2026-02-28 16:43:55,372 - INFO - 
Preparing dataset...
2026-02-28 16:43:55,375 - INFO - Loaded 755 training images from 4 categories
2026-02-28 16:43:55,375 - INFO -   bottle: 209 images
2026-02-28 16:43:55,375 - INFO -   capsule: 219 images
2026-02-28 16:43:55,375 - INFO -   pill: 267 images
2026-02-28 16:43:55,375 - INFO -   toothbrush: 60 images
2026-02-28 16:43:55,376 - INFO - 
Dataset split: 679 training, 76 validation
2026-02-28 16:43:55,376 - INFO - 
Dataset split: 679 training, 76 validation
2026-02-28 16:43:55,386 - INFO - 
Starting training on 4 categories...
2026-02-28 16:43:55,386 - INFO - Total epochs: 120
2026-02-28 16:43:55,386 - INFO - Effective batch size: 8
2026-02-28 16:43:55,386 - INFO - 
==================================================
2026-02-28 16:44:02,512 - INFO - Training Configuration:
2026-02-28 16:44:02,512 - INFO - Training Configuration:
2026-02-28 16:44:02,512 - INFO -   categories: ['bottle', 'capsule', 'pill', 'toothbrush']
2026-02-28 16:44:02,513 - INFO -   use_data_augmentation: False
2026-02-28 16:44:02,513 - INFO -   epochs: 120
2026-02-28 16:44:02,513 - INFO -   batch_size: 2
2026-02-28 16:44:02,513 - INFO -   gradient_accumulation_steps: 4
2026-02-28 16:44:02,513 - INFO -   learning_rate: 0.0001
2026-02-28 16:44:02,513 - INFO -   weight_decay: 0.01
2026-02-28 16:44:02,513 - INFO -   max_grad_norm: 1.0
2026-02-28 16:44:02,513 - INFO -   lr_scheduler: cosine
2026-02-28 16:44:02,513 - INFO -   lr_warmup_steps: 100
2026-02-28 16:44:02,513 - INFO -   lr_eta_min: 1e-06
2026-02-28 16:44:02,513 - INFO -   save_every_n_epochs: 5
2026-02-28 16:44:02,513 - INFO -   save_log_every_n_epochs: 5
2026-02-28 16:44:02,513 - INFO -   output_dir: trained_models/train4
2026-02-28 16:44:02,513 - INFO -   image_size: 512
2026-02-28 16:44:02,513 - INFO -   train_split: 0.9
2026-02-28 16:44:02,513 - INFO -   seed: 999
2026-02-28 16:44:02,513 - INFO -   early_stop_patience: 20
2026-02-28 16:44:02,513 - INFO -   early_stop_min_delta: 0.0001
2026-02-28 16:44:02,513 - INFO -   min_epochs_before_early_stop: 20
2026-02-28 16:44:02,513 - INFO -   num_workers: 2
2026-02-28 16:44:02,513 - INFO - ==================================================
2026-02-28 16:44:02,514 - INFO - 
Loading Stable Diffusion model...
2026-02-28 16:44:19,405 - INFO - Training Configuration:
2026-02-28 16:44:19,406 - INFO - Training Configuration:
2026-02-28 16:44:19,406 - INFO -   categories: ['bottle', 'capsule', 'pill', 'toothbrush']
2026-02-28 16:44:19,406 - INFO -   use_data_augmentation: False
2026-02-28 16:44:19,406 - INFO -   epochs: 120
2026-02-28 16:44:19,406 - INFO -   batch_size: 2
2026-02-28 16:44:19,406 - INFO -   gradient_accumulation_steps: 4
2026-02-28 16:44:19,406 - INFO -   learning_rate: 0.0001
2026-02-28 16:44:19,406 - INFO -   weight_decay: 0.01
2026-02-28 16:44:19,406 - INFO -   max_grad_norm: 1.0
2026-02-28 16:44:19,406 - INFO -   lr_scheduler: cosine
2026-02-28 16:44:19,406 - INFO -   lr_warmup_steps: 100
2026-02-28 16:44:19,406 - INFO -   lr_eta_min: 1e-06
2026-02-28 16:44:19,406 - INFO -   save_every_n_epochs: 5
2026-02-28 16:44:19,406 - INFO -   save_log_every_n_epochs: 5
2026-02-28 16:44:19,406 - INFO -   output_dir: trained_models/train5
2026-02-28 16:44:19,406 - INFO -   image_size: 512
2026-02-28 16:44:19,406 - INFO -   train_split: 0.9
2026-02-28 16:44:19,406 - INFO -   seed: 999
2026-02-28 16:44:19,406 - INFO -   early_stop_patience: 20
2026-02-28 16:44:19,406 - INFO -   early_stop_min_delta: 0.0001
2026-02-28 16:44:19,406 - INFO -   min_epochs_before_early_stop: 20
2026-02-28 16:44:19,406 - INFO -   num_workers: 2
2026-02-28 16:44:19,406 - INFO - ==================================================
2026-02-28 16:44:19,406 - INFO - 
Loading Stable Diffusion model...
2026-02-28 16:44:19,913 - ERROR - Failed to load model in offline mode: CUDA out of memory. Tried to allocate 26.00 MiB. GPU 0 has a total capacity of 11.62 GiB of which 41.88 MiB is free. Process 1570 has 46.53 MiB memory in use. Process 77702 has 4.52 GiB memory in use. Process 77969 has 4.52 GiB memory in use. Including non-PyTorch memory, this process has 1.33 GiB memory in use. Of the allocated memory 1.17 GiB is allocated by PyTorch, and 49.17 MiB is reserved by PyTorch but unallocated. If reserved but unallocated memory is large try setting PYTORCH_ALLOC_CONF=expandable_segments:True to avoid fragmentation.  See documentation for Memory Management  (https://pytorch.org/docs/stable/notes/cuda.html#environment-variables)
2026-02-28 16:44:19,917 - INFO - Trying online mode (this may take time)...
2026-02-28 16:44:23,927 - INFO - HTTP Request: GET https://huggingface.co/api/models/runwayml/stable-diffusion-v1-5 "HTTP/1.1 307 Temporary Redirect"
2026-02-28 16:44:26,243 - INFO - HTTP Request: GET https://huggingface.co/api/models/stable-diffusion-v1-5/stable-diffusion-v1-5 "HTTP/1.1 200 OK"
2026-02-28 16:44:43,568 - INFO - HTTP Request: HEAD https://huggingface.co/runwayml/stable-diffusion-v1-5/resolve/main/model_index.json "HTTP/1.1 307 Temporary Redirect"
2026-02-28 16:44:43,797 - INFO - HTTP Request: HEAD https://huggingface.co/stable-diffusion-v1-5/stable-diffusion-v1-5/resolve/main/model_index.json "HTTP/1.1 307 Temporary Redirect"
2026-02-28 16:44:43,811 - WARNING - Warning: You are sending unauthenticated requests to the HF Hub. Please set a HF_TOKEN to enable higher rate limits and faster downloads.
2026-02-28 16:44:43,971 - INFO - HTTP Request: HEAD https://huggingface.co/api/resolve-cache/models/stable-diffusion-v1-5/stable-diffusion-v1-5/451f4fe16113bff5a5d2269ed5ad43b0592e9a14/model_index.json "HTTP/1.1 200 OK"
2026-02-28 16:44:44,515 - ERROR - Failed to load model in offline mode: CUDA out of memory. Tried to allocate 74.00 MiB. GPU 0 has a total capacity of 11.62 GiB of which 56.25 MiB is free. Process 1570 has 46.53 MiB memory in use. Process 77702 has 4.52 GiB memory in use. Process 77969 has 4.52 GiB memory in use. Process 78436 has 1.33 GiB memory in use. Including non-PyTorch memory, this process has 104.00 MiB memory in use. Of the allocated memory 0 bytes is allocated by PyTorch, and 0 bytes is reserved by PyTorch but unallocated. If reserved but unallocated memory is large try setting PYTORCH_ALLOC_CONF=expandable_segments:True to avoid fragmentation.  See documentation for Memory Management  (https://pytorch.org/docs/stable/notes/cuda.html#environment-variables)
2026-02-28 16:44:44,517 - INFO - Trying online mode (this may take time)...
2026-02-28 16:46:00,388 - INFO - Training Configuration:
2026-02-28 16:46:00,388 - INFO - Training Configuration:
2026-02-28 16:46:00,388 - INFO -   categories: ['bottle', 'capsule', 'pill', 'toothbrush']
2026-02-28 16:46:00,388 - INFO -   use_data_augmentation: False
2026-02-28 16:46:00,388 - INFO -   epochs: 120
2026-02-28 16:46:00,388 - INFO -   batch_size: 2
2026-02-28 16:46:00,388 - INFO -   gradient_accumulation_steps: 4
2026-02-28 16:46:00,389 - INFO -   learning_rate: 0.0001
2026-02-28 16:46:00,389 - INFO -   weight_decay: 0.01
2026-02-28 16:46:00,389 - INFO -   max_grad_norm: 1.0
2026-02-28 16:46:00,389 - INFO -   lr_scheduler: cosine
2026-02-28 16:46:00,389 - INFO -   lr_warmup_steps: 100
2026-02-28 16:46:00,389 - INFO -   lr_eta_min: 1e-06
2026-02-28 16:46:00,389 - INFO -   save_every_n_epochs: 5
2026-02-28 16:46:00,389 - INFO -   save_log_every_n_epochs: 5
2026-02-28 16:46:00,389 - INFO -   output_dir: trained_models/train6
2026-02-28 16:46:00,389 - INFO -   image_size: 512
2026-02-28 16:46:00,389 - INFO -   train_split: 0.9
2026-02-28 16:46:00,389 - INFO -   seed: 999
2026-02-28 16:46:00,389 - INFO -   early_stop_patience: 20
2026-02-28 16:46:00,389 - INFO -   early_stop_min_delta: 0.0001
2026-02-28 16:46:00,389 - INFO -   min_epochs_before_early_stop: 20
2026-02-28 16:46:00,389 - INFO -   num_workers: 2
2026-02-28 16:46:00,389 - INFO - ==================================================
2026-02-28 16:46:00,389 - INFO - 
Loading Stable Diffusion model...
2026-02-28 16:46:02,901 - INFO - ✓ Model loaded successfully
2026-02-28 16:46:02,901 - INFO - 
Applying LoRA configuration...
2026-02-28 16:46:03,042 - INFO - LoRA applied:
2026-02-28 16:46:03,044 - INFO - 
Preparing dataset...
2026-02-28 16:46:03,046 - INFO - Loaded 755 training images from 4 categories
2026-02-28 16:46:03,046 - INFO -   bottle: 209 images
2026-02-28 16:46:03,046 - INFO -   capsule: 219 images
2026-02-28 16:46:03,046 - INFO -   pill: 267 images
2026-02-28 16:46:03,046 - INFO -   toothbrush: 60 images
2026-02-28 16:46:03,047 - INFO - 
Dataset split: 679 training, 76 validation
2026-02-28 16:46:03,047 - INFO - 
Dataset split: 679 training, 76 validation
2026-02-28 16:46:03,053 - INFO - 
Starting training on 4 categories...
2026-02-28 16:46:03,053 - INFO - Total epochs: 120
2026-02-28 16:46:03,053 - INFO - Effective batch size: 8
2026-02-28 16:46:03,053 - INFO - 
==================================================
2026-02-28 17:43:06,812 - INFO - Training Configuration:
2026-02-28 17:43:06,812 - INFO - Training Configuration:
2026-02-28 17:43:06,812 - INFO -   categories: ['bottle', 'capsule', 'pill', 'toothbrush']
2026-02-28 17:43:06,812 - INFO -   use_data_augmentation: False
2026-02-28 17:43:06,812 - INFO -   epochs: 120
2026-02-28 17:43:06,812 - INFO -   batch_size: 2
2026-02-28 17:43:06,812 - INFO -   gradient_accumulation_steps: 4
2026-02-28 17:43:06,813 - INFO -   learning_rate: 0.0001
2026-02-28 17:43:06,813 - INFO -   weight_decay: 0.01
2026-02-28 17:43:06,813 - INFO -   max_grad_norm: 1.0
2026-02-28 17:43:06,813 - INFO -   lr_scheduler: cosine
2026-02-28 17:43:06,813 - INFO -   lr_warmup_steps: 100
2026-02-28 17:43:06,813 - INFO -   lr_eta_min: 1e-06
2026-02-28 17:43:06,813 - INFO -   save_every_n_epochs: 5
2026-02-28 17:43:06,813 - INFO -   save_log_every_n_epochs: 5
2026-02-28 17:43:06,813 - INFO -   output_dir: trained_models/train7
2026-02-28 17:43:06,813 - INFO -   image_size: 512
2026-02-28 17:43:06,813 - INFO -   train_split: 0.9
2026-02-28 17:43:06,813 - INFO -   seed: 999
2026-02-28 17:43:06,813 - INFO -   early_stop_patience: 20
2026-02-28 17:43:06,813 - INFO -   early_stop_min_delta: 0.0001
2026-02-28 17:43:06,813 - INFO -   min_epochs_before_early_stop: 20
2026-02-28 17:43:06,813 - INFO -   num_workers: 0
2026-02-28 17:43:06,813 - INFO - ==================================================
2026-02-28 17:43:06,813 - INFO - 
Loading Stable Diffusion model...
2026-02-28 17:43:13,388 - INFO - ✓ Model loaded successfully
2026-02-28 17:43:13,388 - INFO - 
Applying LoRA configuration...
2026-02-28 17:43:13,646 - INFO - LoRA applied:
2026-02-28 17:43:13,651 - INFO - 
Preparing dataset...
2026-02-28 17:43:13,654 - INFO - Loaded 755 training images from 4 categories
2026-02-28 17:43:13,655 - INFO -   bottle: 209 images
2026-02-28 17:43:13,655 - INFO -   capsule: 219 images
2026-02-28 17:43:13,655 - INFO -   pill: 267 images
2026-02-28 17:43:13,655 - INFO -   toothbrush: 60 images
2026-02-28 17:43:13,655 - INFO - 
Dataset split: 679 training, 76 validation
2026-02-28 17:43:13,656 - INFO - 
Dataset split: 679 training, 76 validation
2026-02-28 17:43:13,669 - INFO - 
Starting training on 4 categories...
2026-02-28 17:43:13,669 - INFO - Total epochs: 120
2026-02-28 17:43:13,669 - INFO - Effective batch size: 8
2026-02-28 17:43:13,669 - INFO - 
==================================================
2026-02-28 17:46:41,990 - INFO - Running validation...
2026-02-28 17:46:56,769 - INFO - Epoch 1 finished. Train Loss: 0.1024 | Val Loss: 0.0835 | LR: 8.60e-05
2026-02-28 17:46:56,769 - INFO -   ✓ New best validation loss! Saving best model...
2026-02-28 17:46:56,867 - INFO -   ✓ Best model checkpoint saved to trained_models/train7/checkpoint_epoch_1_BEST
2026-02-28 17:50:48,206 - INFO - Running validation...
2026-02-28 17:51:04,104 - INFO - Epoch 2 finished. Train Loss: 0.0953 | Val Loss: 0.0655 | LR: 1.00e-04
2026-02-28 17:51:04,104 - INFO -   ✓ New best validation loss! Saving best model...
2026-02-28 17:51:04,183 - INFO -   ✓ Best model checkpoint saved to trained_models/train7/checkpoint_epoch_2_BEST
2026-02-28 17:54:59,687 - INFO - Running validation...
2026-02-28 17:55:15,648 - INFO - Epoch 3 finished. Train Loss: 0.0980 | Val Loss: 0.0934 | LR: 9.99e-05
2026-02-28 17:59:10,605 - INFO - Running validation...
2026-02-28 17:59:26,520 - INFO - Epoch 4 finished. Train Loss: 0.1117 | Val Loss: 0.0867 | LR: 9.99e-05
2026-02-28 18:03:21,679 - INFO - Running validation...
2026-02-28 18:03:37,616 - INFO - Epoch 5 finished. Train Loss: 0.1267 | Val Loss: 0.1051 | LR: 9.97e-05
2026-02-28 18:03:37,660 - INFO - ✓ Checkpoint saved to trained_models/train7/checkpoint_epoch_5
2026-02-28 18:07:31,154 - INFO - Running validation...
2026-02-28 18:07:47,169 - INFO - Epoch 6 finished. Train Loss: 0.1072 | Val Loss: 0.1132 | LR: 9.96e-05
2026-02-28 18:11:30,176 - INFO - Running validation...
2026-02-28 18:11:46,212 - INFO - Epoch 7 finished. Train Loss: 0.1198 | Val Loss: 0.1124 | LR: 9.94e-05
2026-02-28 18:15:41,606 - INFO - Running validation...
2026-02-28 18:15:57,551 - INFO - Epoch 8 finished. Train Loss: 0.1167 | Val Loss: 0.1233 | LR: 9.92e-05
2026-02-28 18:19:46,979 - INFO - Running validation...
2026-02-28 18:20:02,921 - INFO - Epoch 9 finished. Train Loss: 0.1102 | Val Loss: 0.0713 | LR: 9.89e-05
2026-02-28 18:23:51,072 - INFO - Running validation...
2026-02-28 18:24:07,031 - INFO - Epoch 10 finished. Train Loss: 0.1087 | Val Loss: 0.1082 | LR: 9.86e-05
2026-02-28 18:24:07,071 - INFO - ✓ Checkpoint saved to trained_models/train7/checkpoint_epoch_10
2026-02-28 18:28:02,499 - INFO - Running validation...
2026-02-28 18:28:18,478 - INFO - Epoch 11 finished. Train Loss: 0.1054 | Val Loss: 0.1159 | LR: 9.83e-05
2026-02-28 18:31:45,205 - INFO - Running validation...
2026-02-28 18:31:58,597 - INFO - Epoch 12 finished. Train Loss: 0.1036 | Val Loss: 0.1327 | LR: 9.80e-05
2026-02-28 18:35:16,168 - INFO - Running validation...
2026-02-28 18:35:29,533 - INFO - Epoch 13 finished. Train Loss: 0.1093 | Val Loss: 0.1045 | LR: 9.76e-05
2026-02-28 18:38:46,329 - INFO - Running validation...
2026-02-28 18:38:59,687 - INFO - Epoch 14 finished. Train Loss: 0.1032 | Val Loss: 0.0732 | LR: 9.72e-05
2026-02-28 18:42:17,000 - INFO - Running validation...
2026-02-28 18:42:30,387 - INFO - Epoch 15 finished. Train Loss: 0.1027 | Val Loss: 0.1049 | LR: 9.67e-05
2026-02-28 18:42:30,424 - INFO - ✓ Checkpoint saved to trained_models/train7/checkpoint_epoch_15
2026-02-28 18:45:47,921 - INFO - Running validation...
2026-02-28 18:46:01,341 - INFO - Epoch 16 finished. Train Loss: 0.1048 | Val Loss: 0.1247 | LR: 9.62e-05
2026-02-28 18:49:20,710 - INFO - Running validation...
2026-02-28 18:49:34,405 - INFO - Epoch 17 finished. Train Loss: 0.1163 | Val Loss: 0.0773 | LR: 9.57e-05
2026-02-28 18:52:57,528 - INFO - Running validation...
2026-02-28 18:53:11,328 - INFO - Epoch 18 finished. Train Loss: 0.1007 | Val Loss: 0.1189 | LR: 9.51e-05
2026-02-28 18:56:32,505 - INFO - Running validation...
2026-02-28 18:56:45,958 - INFO - Epoch 19 finished. Train Loss: 0.1016 | Val Loss: 0.1203 | LR: 9.46e-05
2026-02-28 19:00:06,245 - INFO - Running validation...
2026-02-28 19:00:19,761 - INFO - Epoch 20 finished. Train Loss: 0.1108 | Val Loss: 0.1300 | LR: 9.39e-05
2026-02-28 19:00:19,799 - INFO - ✓ Checkpoint saved to trained_models/train7/checkpoint_epoch_20
2026-02-28 19:03:40,217 - INFO - Running validation...
2026-02-28 19:03:53,667 - INFO - Epoch 21 finished. Train Loss: 0.1078 | Val Loss: 0.1156 | LR: 9.33e-05
2026-02-28 19:07:13,759 - INFO - Running validation...
2026-02-28 19:07:27,264 - INFO - Epoch 22 finished. Train Loss: 0.1163 | Val Loss: 0.0942 | LR: 9.26e-05
2026-02-28 19:07:27,265 - WARNING - 
⚠ Early stopping triggered at epoch 22: no val-loss improvement > 0.0001 for 20 epochs.
2026-02-28 19:07:27,265 - WARNING -   Best epoch was 2 with val loss 0.0655
2026-02-28 19:07:27,265 - INFO - 
==================================================
2026-02-28 19:07:27,265 - INFO - Training completed!
2026-02-28 19:07:27,265 - INFO - 
 Training Summary:
2026-02-28 19:07:27,265 - INFO -   Best Epoch: 2
2026-02-28 19:07:27,265 - INFO -     Train Loss: 0.0953
2026-02-28 19:07:27,265 - INFO -     Val Loss: 0.0655
2026-02-28 19:07:27,266 - INFO -   Final Epoch: 120
2026-02-28 19:07:27,266 - INFO -     Train Loss: 0.1163
2026-02-28 19:07:27,266 - INFO -     Val Loss: 0.0942
2026-02-28 19:07:27,266 - WARNING -   Final model has higher validation loss - use 'best_model' directory instead!
2026-02-28 19:07:27,266 - INFO - 
Saving final trained model...
2026-02-28 19:07:27,305 - INFO - Model saved to trained_models/train7/final_model
2026-02-28 19:07:27,305 - INFO - 
Generating test samples...
2026-02-28 19:07:32,014 - INFO - Generated test sample for bottle
2026-02-28 19:07:36,604 - INFO - Generated test sample for capsule
2026-02-28 19:07:41,151 - INFO - Generated test sample for pill
2026-02-28 19:07:45,715 - INFO - Generated test sample for toothbrush
2026-02-28 19:07:45,715 - INFO - 
Generating training plots...
2026-02-28 19:07:46,505 - INFO - ✓ Training plot saved to trained_models/train7/training_validation_plot.png
2026-02-28 19:07:46,505 - INFO - 
==================================================
2026-02-28 19:07:46,505 - INFO - All done! You can now run anomal_score.py to test the model.
2026-02-28 19:07:46,505 - INFO - ==================================================
2026-02-28 21:53:16,590 - INFO - Training Configuration:
2026-02-28 21:53:16,590 - INFO - Training Configuration:
2026-02-28 21:53:16,590 - INFO -   categories: ['bottle', 'capsule', 'pill', 'toothbrush']
2026-02-28 21:53:16,590 - INFO -   use_data_augmentation: False
2026-02-28 21:53:16,590 - INFO -   epochs: 150
2026-02-28 21:53:16,590 - INFO -   batch_size: 2
2026-02-28 21:53:16,590 - INFO -   gradient_accumulation_steps: 4
2026-02-28 21:53:16,590 - INFO -   learning_rate: 4e-06
2026-02-28 21:53:16,590 - INFO -   weight_decay: 0.01
2026-02-28 21:53:16,590 - INFO -   max_grad_norm: 1.0
2026-02-28 21:53:16,590 - INFO -   lr_scheduler: cosine
2026-02-28 21:53:16,590 - INFO -   lr_warmup_steps: 100
2026-02-28 21:53:16,590 - INFO -   lr_eta_min: 1e-06
2026-02-28 21:53:16,590 - INFO -   save_every_n_epochs: 5
2026-02-28 21:53:16,591 - INFO -   save_log_every_n_epochs: 5
2026-02-28 21:53:16,591 - INFO -   output_dir: trained_models/train8
2026-02-28 21:53:16,591 - INFO -   image_size: 512
2026-02-28 21:53:16,591 - INFO -   train_split: 0.9
2026-02-28 21:53:16,591 - INFO -   seed: 999
2026-02-28 21:53:16,591 - INFO -   early_stop_patience: 20
2026-02-28 21:53:16,591 - INFO -   early_stop_min_delta: 0.0001
2026-02-28 21:53:16,591 - INFO -   min_epochs_before_early_stop: 50
2026-02-28 21:53:16,591 - INFO -   num_workers: 0
2026-02-28 21:53:16,591 - INFO - ==================================================
2026-02-28 21:53:16,591 - INFO - 
Loading Stable Diffusion model...
2026-02-28 21:53:21,293 - INFO - ✓ Model loaded successfully
2026-02-28 21:53:21,293 - INFO - 
Applying LoRA configuration...
2026-02-28 21:53:21,425 - INFO - LoRA applied:
2026-02-28 21:53:21,428 - INFO - 
Preparing dataset...
2026-02-28 21:53:21,429 - INFO - Loaded 755 training images from 4 categories
2026-02-28 21:53:21,429 - INFO -   bottle: 209 images
2026-02-28 21:53:21,429 - INFO -   capsule: 219 images
2026-02-28 21:53:21,429 - INFO -   pill: 267 images
2026-02-28 21:53:21,429 - INFO -   toothbrush: 60 images
2026-02-28 21:53:21,430 - INFO - 
Dataset split: 679 training, 76 validation
2026-02-28 21:53:21,430 - INFO - 
Dataset split: 679 training, 76 validation
2026-02-28 21:53:21,436 - INFO - 
Starting training on 4 categories...
2026-02-28 21:53:21,437 - INFO - Total epochs: 150
2026-02-28 21:53:21,437 - INFO - Effective batch size: 8
2026-02-28 21:53:21,437 - INFO - 
==================================================
2026-02-28 21:56:40,794 - INFO - Running validation...
2026-02-28 21:56:54,266 - INFO - Epoch 1 finished. Train Loss: 0.1028 | Val Loss: 0.0845 | LR: 3.44e-06
2026-02-28 21:56:54,266 - INFO -   ✓ New best validation loss! Saving best model...
2026-02-28 21:56:54,340 - INFO -   ✓ Best model checkpoint saved to trained_models/train8/checkpoint_epoch_1_BEST
2026-02-28 22:00:12,111 - INFO - Running validation...
2026-02-28 22:00:25,520 - INFO - Epoch 2 finished. Train Loss: 0.0967 | Val Loss: 0.0661 | LR: 4.00e-06
2026-02-28 22:00:25,520 - INFO -   ✓ New best validation loss! Saving best model...
2026-02-28 22:00:25,592 - INFO -   ✓ Best model checkpoint saved to trained_models/train8/checkpoint_epoch_2_BEST
2026-02-28 22:03:43,675 - INFO - Running validation...
2026-02-28 22:03:57,098 - INFO - Epoch 3 finished. Train Loss: 0.0939 | Val Loss: 0.0864 | LR: 4.00e-06
2026-02-28 22:07:15,055 - INFO - Running validation...
2026-02-28 22:07:28,475 - INFO - Epoch 4 finished. Train Loss: 0.1059 | Val Loss: 0.0834 | LR: 4.00e-06
2026-02-28 22:10:46,260 - INFO - Running validation...
2026-02-28 22:10:59,681 - INFO - Epoch 5 finished. Train Loss: 0.1125 | Val Loss: 0.0925 | LR: 3.99e-06
2026-02-28 22:10:59,717 - INFO - ✓ Checkpoint saved to trained_models/train8/checkpoint_epoch_5
2026-02-28 22:14:17,608 - INFO - Running validation...
2026-02-28 22:14:31,022 - INFO - Epoch 6 finished. Train Loss: 0.0958 | Val Loss: 0.1019 | LR: 3.99e-06
2026-02-28 22:17:49,067 - INFO - Running validation...
2026-02-28 22:18:02,502 - INFO - Epoch 7 finished. Train Loss: 0.1098 | Val Loss: 0.0878 | LR: 3.98e-06
2026-02-28 22:21:20,371 - INFO - Running validation...
2026-02-28 22:21:33,782 - INFO - Epoch 8 finished. Train Loss: 0.1014 | Val Loss: 0.1137 | LR: 3.98e-06
2026-02-28 22:24:51,855 - INFO - Running validation...
2026-02-28 22:25:05,273 - INFO - Epoch 9 finished. Train Loss: 0.1043 | Val Loss: 0.0666 | LR: 3.97e-06
2026-02-28 22:28:23,187 - INFO - Running validation...
2026-02-28 22:28:36,606 - INFO - Epoch 10 finished. Train Loss: 0.1033 | Val Loss: 0.1011 | LR: 3.97e-06
2026-02-28 22:28:36,644 - INFO - ✓ Checkpoint saved to trained_models/train8/checkpoint_epoch_10
2026-02-28 22:31:54,783 - INFO - Running validation...
2026-02-28 22:32:08,184 - INFO - Epoch 11 finished. Train Loss: 0.0965 | Val Loss: 0.1056 | LR: 3.96e-06
2026-02-28 22:35:25,812 - INFO - Running validation...
2026-02-28 22:35:39,217 - INFO - Epoch 12 finished. Train Loss: 0.0937 | Val Loss: 0.1238 | LR: 3.95e-06
2026-02-28 22:38:57,112 - INFO - Running validation...
2026-02-28 22:39:10,515 - INFO - Epoch 13 finished. Train Loss: 0.1016 | Val Loss: 0.0968 | LR: 3.94e-06
2026-02-28 22:42:28,241 - INFO - Running validation...
2026-02-28 22:42:41,648 - INFO - Epoch 14 finished. Train Loss: 0.0964 | Val Loss: 0.0687 | LR: 3.93e-06
2026-02-28 22:45:59,895 - INFO - Running validation...
2026-02-28 22:46:13,310 - INFO - Epoch 15 finished. Train Loss: 0.0953 | Val Loss: 0.0952 | LR: 3.92e-06
2026-02-28 22:46:13,347 - INFO - ✓ Checkpoint saved to trained_models/train8/checkpoint_epoch_15
2026-02-28 22:49:31,313 - INFO - Running validation...
2026-02-28 22:49:44,732 - INFO - Epoch 16 finished. Train Loss: 0.0937 | Val Loss: 0.1134 | LR: 3.90e-06
2026-02-28 22:53:02,679 - INFO - Running validation...
2026-02-28 22:53:16,087 - INFO - Epoch 17 finished. Train Loss: 0.1039 | Val Loss: 0.0689 | LR: 3.89e-06
2026-02-28 22:56:34,058 - INFO - Running validation...
2026-02-28 22:56:47,481 - INFO - Epoch 18 finished. Train Loss: 0.0901 | Val Loss: 0.1099 | LR: 3.88e-06
2026-02-28 23:00:05,164 - INFO - Running validation...
2026-02-28 23:00:18,582 - INFO - Epoch 19 finished. Train Loss: 0.0925 | Val Loss: 0.1103 | LR: 3.86e-06
2026-02-28 23:03:36,444 - INFO - Running validation...
2026-02-28 23:03:49,869 - INFO - Epoch 20 finished. Train Loss: 0.0997 | Val Loss: 0.1199 | LR: 3.84e-06
2026-02-28 23:03:49,906 - INFO - ✓ Checkpoint saved to trained_models/train8/checkpoint_epoch_20
2026-02-28 23:07:07,929 - INFO - Running validation...
2026-02-28 23:07:21,348 - INFO - Epoch 21 finished. Train Loss: 0.0972 | Val Loss: 0.1062 | LR: 3.83e-06
2026-02-28 23:10:39,037 - INFO - Running validation...
2026-02-28 23:10:52,455 - INFO - Epoch 22 finished. Train Loss: 0.1059 | Val Loss: 0.0866 | LR: 3.81e-06
2026-02-28 23:14:10,446 - INFO - Running validation...
2026-02-28 23:14:23,854 - INFO - Epoch 23 finished. Train Loss: 0.0910 | Val Loss: 0.0992 | LR: 3.79e-06
2026-02-28 23:17:41,675 - INFO - Running validation...
2026-02-28 23:17:55,075 - INFO - Epoch 24 finished. Train Loss: 0.0998 | Val Loss: 0.1183 | LR: 3.77e-06
2026-02-28 23:21:12,691 - INFO - Running validation...
2026-02-28 23:21:26,104 - INFO - Epoch 25 finished. Train Loss: 0.0944 | Val Loss: 0.0784 | LR: 3.75e-06
2026-02-28 23:21:26,141 - INFO - ✓ Checkpoint saved to trained_models/train8/checkpoint_epoch_25
2026-02-28 23:24:44,021 - INFO - Running validation...
2026-02-28 23:24:57,429 - INFO - Epoch 26 finished. Train Loss: 0.0974 | Val Loss: 0.0802 | LR: 3.73e-06
2026-02-28 23:28:15,628 - INFO - Running validation...
2026-02-28 23:28:29,051 - INFO - Epoch 27 finished. Train Loss: 0.0927 | Val Loss: 0.0908 | LR: 3.71e-06
2026-02-28 23:31:47,005 - INFO - Running validation...
2026-02-28 23:32:00,417 - INFO - Epoch 28 finished. Train Loss: 0.1079 | Val Loss: 0.1071 | LR: 3.69e-06
2026-02-28 23:35:18,532 - INFO - Running validation...
2026-02-28 23:35:31,933 - INFO - Epoch 29 finished. Train Loss: 0.1008 | Val Loss: 0.1118 | LR: 3.66e-06
2026-02-28 23:38:49,873 - INFO - Running validation...
2026-02-28 23:39:03,289 - INFO - Epoch 30 finished. Train Loss: 0.1010 | Val Loss: 0.1037 | LR: 3.64e-06
2026-02-28 23:39:03,325 - INFO - ✓ Checkpoint saved to trained_models/train8/checkpoint_epoch_30
2026-02-28 23:42:21,399 - INFO - Running validation...
2026-02-28 23:42:34,811 - INFO - Epoch 31 finished. Train Loss: 0.1114 | Val Loss: 0.0905 | LR: 3.62e-06
2026-02-28 23:45:52,726 - INFO - Running validation...
2026-02-28 23:46:06,147 - INFO - Epoch 32 finished. Train Loss: 0.1042 | Val Loss: 0.0690 | LR: 3.59e-06
2026-02-28 23:49:24,045 - INFO - Running validation...
2026-02-28 23:49:37,464 - INFO - Epoch 33 finished. Train Loss: 0.0862 | Val Loss: 0.0890 | LR: 3.57e-06
2026-02-28 23:52:55,382 - INFO - Running validation...
2026-02-28 23:53:08,800 - INFO - Epoch 34 finished. Train Loss: 0.1030 | Val Loss: 0.0939 | LR: 3.54e-06
2026-02-28 23:56:26,563 - INFO - Running validation...
2026-02-28 23:56:39,974 - INFO - Epoch 35 finished. Train Loss: 0.0866 | Val Loss: 0.0976 | LR: 3.51e-06
2026-02-28 23:56:40,011 - INFO - ✓ Checkpoint saved to trained_models/train8/checkpoint_epoch_35
2026-02-28 23:59:57,969 - INFO - Running validation...
2026-03-01 00:00:11,379 - INFO - Epoch 36 finished. Train Loss: 0.1088 | Val Loss: 0.0979 | LR: 3.48e-06
2026-03-01 00:03:29,355 - INFO - Running validation...
2026-03-01 00:03:42,773 - INFO - Epoch 37 finished. Train Loss: 0.0942 | Val Loss: 0.0819 | LR: 3.45e-06
2026-03-01 00:07:00,581 - INFO - Running validation...
2026-03-01 00:07:13,997 - INFO - Epoch 38 finished. Train Loss: 0.0964 | Val Loss: 0.0786 | LR: 3.43e-06
2026-03-01 00:10:31,949 - INFO - Running validation...
2026-03-01 00:10:45,360 - INFO - Epoch 39 finished. Train Loss: 0.1027 | Val Loss: 0.1142 | LR: 3.40e-06
2026-03-01 00:14:03,480 - INFO - Running validation...
2026-03-01 00:14:16,895 - INFO - Epoch 40 finished. Train Loss: 0.1146 | Val Loss: 0.0989 | LR: 3.37e-06
2026-03-01 00:14:16,932 - INFO - ✓ Checkpoint saved to trained_models/train8/checkpoint_epoch_40
2026-03-01 00:17:34,728 - INFO - Running validation...
2026-03-01 00:17:48,135 - INFO - Epoch 41 finished. Train Loss: 0.1038 | Val Loss: 0.1023 | LR: 3.33e-06
2026-03-01 00:21:06,107 - INFO - Running validation...
2026-03-01 00:21:19,524 - INFO - Epoch 42 finished. Train Loss: 0.1016 | Val Loss: 0.0893 | LR: 3.30e-06
2026-03-01 00:24:37,356 - INFO - Running validation...
2026-03-01 00:24:50,774 - INFO - Epoch 43 finished. Train Loss: 0.1050 | Val Loss: 0.1272 | LR: 3.27e-06
2026-03-01 00:28:08,142 - INFO - Running validation...
2026-03-01 00:28:21,545 - INFO - Epoch 44 finished. Train Loss: 0.1053 | Val Loss: 0.1105 | LR: 3.24e-06
2026-03-01 00:31:39,303 - INFO - Running validation...
2026-03-01 00:31:52,728 - INFO - Epoch 45 finished. Train Loss: 0.1043 | Val Loss: 0.0902 | LR: 3.20e-06
2026-03-01 00:31:52,765 - INFO - ✓ Checkpoint saved to trained_models/train8/checkpoint_epoch_45
2026-03-01 00:35:11,502 - INFO - Running validation...
2026-03-01 00:35:26,356 - INFO - Epoch 46 finished. Train Loss: 0.1059 | Val Loss: 0.0982 | LR: 3.17e-06
2026-03-01 00:39:06,320 - INFO - Running validation...
2026-03-01 00:39:20,917 - INFO - Epoch 47 finished. Train Loss: 0.0965 | Val Loss: 0.0968 | LR: 3.14e-06
2026-03-01 00:42:57,802 - INFO - Running validation...
2026-03-01 00:43:12,876 - INFO - Epoch 48 finished. Train Loss: 0.1148 | Val Loss: 0.1189 | LR: 3.10e-06
2026-03-01 00:46:47,030 - INFO - Running validation...
2026-03-01 00:47:00,966 - INFO - Epoch 49 finished. Train Loss: 0.0987 | Val Loss: 0.1012 | LR: 3.06e-06
2026-03-01 00:50:29,112 - INFO - Running validation...
2026-03-01 00:50:43,078 - INFO - Epoch 50 finished. Train Loss: 0.1029 | Val Loss: 0.0694 | LR: 3.03e-06
2026-03-01 00:50:43,078 - WARNING - 
⚠ Early stopping triggered at epoch 50: no val-loss improvement > 0.0001 for 48 epochs.
2026-03-01 00:50:43,078 - WARNING -   Best epoch was 2 with val loss 0.0661
2026-03-01 00:50:43,082 - INFO - 
==================================================
2026-03-01 00:50:43,082 - INFO - Training completed!
2026-03-01 00:50:43,082 - INFO - 
 Training Summary:
2026-03-01 00:50:43,082 - INFO -   Best Epoch: 2
2026-03-01 00:50:43,082 - INFO -     Train Loss: 0.0967
2026-03-01 00:50:43,082 - INFO -     Val Loss: 0.0661
2026-03-01 00:50:43,083 - INFO -   Final Epoch: 150
2026-03-01 00:50:43,083 - INFO -     Train Loss: 0.1029
2026-03-01 00:50:43,083 - INFO -     Val Loss: 0.0694
2026-03-01 00:50:43,083 - WARNING -   Final model has higher validation loss - use 'best_model' directory instead!
2026-03-01 00:50:43,083 - INFO - 
Saving final trained model...
2026-03-01 00:50:43,125 - INFO - Model saved to trained_models/train8/final_model
2026-03-01 00:50:43,125 - INFO - 
Generating test samples...
2026-03-01 00:50:47,967 - INFO - Generated test sample for bottle
2026-03-01 00:50:52,769 - INFO - Generated test sample for capsule
2026-03-01 00:50:57,486 - INFO - Generated test sample for pill
2026-03-01 00:51:02,285 - INFO - Generated test sample for toothbrush
2026-03-01 00:51:02,286 - INFO - 
Generating training plots...
2026-03-01 00:51:03,112 - INFO - ✓ Training plot saved to trained_models/train8/training_validation_plot.png
2026-03-01 00:51:03,112 - INFO - 
==================================================
2026-03-01 00:51:03,112 - INFO - All done! You can now run anomal_score.py to test the model.
2026-03-01 00:51:03,112 - INFO - ==================================================
2026-03-01 02:35:51,370 - INFO - Training Configuration:
2026-03-01 02:35:51,370 - INFO - Training Configuration:
2026-03-01 02:35:51,370 - INFO -   categories: ['bottle', 'capsule', 'pill', 'toothbrush']
2026-03-01 02:35:51,370 - INFO -   use_data_augmentation: True
2026-03-01 02:35:51,370 - INFO -   epochs: 150
2026-03-01 02:35:51,370 - INFO -   batch_size: 2
2026-03-01 02:35:51,370 - INFO -   gradient_accumulation_steps: 4
2026-03-01 02:35:51,370 - INFO -   learning_rate: 4e-06
2026-03-01 02:35:51,370 - INFO -   weight_decay: 0.01
2026-03-01 02:35:51,370 - INFO -   max_grad_norm: 1.0
2026-03-01 02:35:51,370 - INFO -   lr_scheduler: cosine
2026-03-01 02:35:51,370 - INFO -   lr_warmup_steps: 100
2026-03-01 02:35:51,370 - INFO -   lr_eta_min: 1e-06
2026-03-01 02:35:51,370 - INFO -   save_every_n_epochs: 5
2026-03-01 02:35:51,370 - INFO -   save_log_every_n_epochs: 5
2026-03-01 02:35:51,370 - INFO -   output_dir: trained_models/train9
2026-03-01 02:35:51,371 - INFO -   image_size: 512
2026-03-01 02:35:51,371 - INFO -   train_split: 0.9
2026-03-01 02:35:51,371 - INFO -   seed: 999
2026-03-01 02:35:51,371 - INFO -   early_stop_patience: 20
2026-03-01 02:35:51,371 - INFO -   early_stop_min_delta: 0.0001
2026-03-01 02:35:51,371 - INFO -   min_epochs_before_early_stop: 50
2026-03-01 02:35:51,371 - INFO -   num_workers: 0
2026-03-01 02:35:51,371 - INFO - ==================================================
2026-03-01 02:35:51,371 - INFO - 
Loading Stable Diffusion model...
2026-03-01 02:35:55,495 - INFO - ✓ Model loaded successfully
2026-03-01 02:35:55,495 - INFO - 
Applying LoRA configuration...
2026-03-01 02:35:55,624 - INFO - LoRA applied:
2026-03-01 02:35:55,627 - INFO - 
Preparing dataset...
2026-03-01 02:35:55,629 - INFO - Loaded 755 training images from 4 categories
2026-03-01 02:35:55,629 - INFO -   bottle: 209 images
2026-03-01 02:35:55,629 - INFO -   capsule: 219 images
2026-03-01 02:35:55,629 - INFO -   pill: 267 images
2026-03-01 02:35:55,629 - INFO -   toothbrush: 60 images
2026-03-01 02:35:55,629 - INFO - 
Dataset split: 679 training, 76 validation
2026-03-01 02:35:55,629 - INFO - 
Dataset split: 679 training, 76 validation
2026-03-01 02:35:55,637 - INFO - 
Starting training on 4 categories...
2026-03-01 02:35:55,637 - INFO - Total epochs: 150
2026-03-01 02:35:55,637 - INFO - Effective batch size: 8
2026-03-01 02:35:55,637 - INFO - 
==================================================
2026-03-01 02:39:19,109 - INFO - Running validation...
2026-03-01 02:39:33,054 - INFO - Epoch 1 finished. Train Loss: 0.0961 | Val Loss: 0.0774 | LR: 3.44e-06
2026-03-01 02:39:33,055 - INFO -   ✓ New best validation loss! Saving best model...
2026-03-01 02:39:33,129 - INFO -   ✓ Best model checkpoint saved to trained_models/train9/checkpoint_epoch_1_BEST
2026-03-01 02:42:55,091 - INFO - Running validation...
2026-03-01 02:43:09,021 - INFO - Epoch 2 finished. Train Loss: 0.0913 | Val Loss: 0.0627 | LR: 4.00e-06
2026-03-01 02:43:09,021 - INFO -   ✓ New best validation loss! Saving best model...
2026-03-01 02:43:09,093 - INFO -   ✓ Best model checkpoint saved to trained_models/train9/checkpoint_epoch_2_BEST
2026-03-01 02:46:31,402 - INFO - Running validation...
2026-03-01 02:46:45,322 - INFO - Epoch 3 finished. Train Loss: 0.0864 | Val Loss: 0.0778 | LR: 4.00e-06
2026-03-01 02:50:07,388 - INFO - Running validation...
2026-03-01 02:50:21,306 - INFO - Epoch 4 finished. Train Loss: 0.0980 | Val Loss: 0.0767 | LR: 4.00e-06
2026-03-01 02:53:43,285 - INFO - Running validation...
2026-03-01 02:53:57,199 - INFO - Epoch 5 finished. Train Loss: 0.1039 | Val Loss: 0.0810 | LR: 3.99e-06
2026-03-01 02:53:57,236 - INFO - ✓ Checkpoint saved to trained_models/train9/checkpoint_epoch_5
2026-03-01 02:57:19,340 - INFO - Running validation...
2026-03-01 02:57:33,250 - INFO - Epoch 6 finished. Train Loss: 0.0888 | Val Loss: 0.0907 | LR: 3.99e-06
2026-03-01 03:00:55,285 - INFO - Running validation...
2026-03-01 03:01:09,188 - INFO - Epoch 7 finished. Train Loss: 0.1016 | Val Loss: 0.0803 | LR: 3.98e-06
2026-03-01 03:04:31,251 - INFO - Running validation...
2026-03-01 03:04:45,199 - INFO - Epoch 8 finished. Train Loss: 0.0926 | Val Loss: 0.1002 | LR: 3.98e-06
2026-03-01 03:08:07,438 - INFO - Running validation...
2026-03-01 03:08:21,330 - INFO - Epoch 9 finished. Train Loss: 0.0960 | Val Loss: 0.0581 | LR: 3.97e-06
2026-03-01 03:08:21,331 - INFO -   ✓ New best validation loss! Saving best model...
2026-03-01 03:08:21,408 - INFO -   ✓ Best model checkpoint saved to trained_models/train9/checkpoint_epoch_9_BEST
2026-03-01 03:11:43,467 - INFO - Running validation...
2026-03-01 03:11:57,360 - INFO - Epoch 10 finished. Train Loss: 0.0947 | Val Loss: 0.0917 | LR: 3.97e-06
2026-03-01 03:11:57,397 - INFO - ✓ Checkpoint saved to trained_models/train9/checkpoint_epoch_10
2026-03-01 03:15:19,846 - INFO - Running validation...
2026-03-01 03:15:33,785 - INFO - Epoch 11 finished. Train Loss: 0.0887 | Val Loss: 0.0951 | LR: 3.96e-06
2026-03-01 03:18:55,571 - INFO - Running validation...
2026-03-01 03:19:09,467 - INFO - Epoch 12 finished. Train Loss: 0.0878 | Val Loss: 0.1113 | LR: 3.95e-06
2026-03-01 03:22:31,620 - INFO - Running validation...
2026-03-01 03:22:45,534 - INFO - Epoch 13 finished. Train Loss: 0.0929 | Val Loss: 0.0910 | LR: 3.94e-06
2026-03-01 03:26:07,572 - INFO - Running validation...
2026-03-01 03:26:21,483 - INFO - Epoch 14 finished. Train Loss: 0.0884 | Val Loss: 0.0611 | LR: 3.93e-06
2026-03-01 03:29:43,813 - INFO - Running validation...
2026-03-01 03:29:57,728 - INFO - Epoch 15 finished. Train Loss: 0.0888 | Val Loss: 0.0926 | LR: 3.92e-06
2026-03-01 03:29:57,765 - INFO - ✓ Checkpoint saved to trained_models/train9/checkpoint_epoch_15
2026-03-01 03:33:19,947 - INFO - Running validation...
2026-03-01 03:33:33,854 - INFO - Epoch 16 finished. Train Loss: 0.0856 | Val Loss: 0.1024 | LR: 3.90e-06
2026-03-01 03:36:55,949 - INFO - Running validation...
2026-03-01 03:37:10,035 - INFO - Epoch 17 finished. Train Loss: 0.0946 | Val Loss: 0.0660 | LR: 3.89e-06
2026-03-01 03:40:33,486 - INFO - Running validation...
2026-03-01 03:40:48,287 - INFO - Epoch 18 finished. Train Loss: 0.0833 | Val Loss: 0.0994 | LR: 3.88e-06
2026-03-01 03:44:16,143 - INFO - Running validation...
2026-03-01 03:44:30,799 - INFO - Epoch 19 finished. Train Loss: 0.0847 | Val Loss: 0.0976 | LR: 3.86e-06
2026-03-01 03:48:02,186 - INFO - Running validation...
2026-03-01 03:48:16,732 - INFO - Epoch 20 finished. Train Loss: 0.0923 | Val Loss: 0.1059 | LR: 3.84e-06
2026-03-01 03:48:16,770 - INFO - ✓ Checkpoint saved to trained_models/train9/checkpoint_epoch_20
2026-03-01 03:51:48,467 - INFO - Running validation...
2026-03-01 03:52:03,083 - INFO - Epoch 21 finished. Train Loss: 0.0889 | Val Loss: 0.0945 | LR: 3.83e-06
2026-03-01 03:55:34,111 - INFO - Running validation...
2026-03-01 03:55:48,652 - INFO - Epoch 22 finished. Train Loss: 0.0972 | Val Loss: 0.0748 | LR: 3.81e-06
2026-03-01 03:59:19,965 - INFO - Running validation...
2026-03-01 03:59:34,570 - INFO - Epoch 23 finished. Train Loss: 0.0834 | Val Loss: 0.0918 | LR: 3.79e-06
2026-03-01 04:03:09,572 - INFO - Running validation...
2026-03-01 04:03:24,114 - INFO - Epoch 24 finished. Train Loss: 0.0911 | Val Loss: 0.1049 | LR: 3.77e-06
2026-03-01 04:06:56,118 - INFO - Running validation...
2026-03-01 04:07:10,693 - INFO - Epoch 25 finished. Train Loss: 0.0861 | Val Loss: 0.0686 | LR: 3.75e-06
2026-03-01 04:07:10,732 - INFO - ✓ Checkpoint saved to trained_models/train9/checkpoint_epoch_25
2026-03-01 04:10:47,242 - INFO - Running validation...
2026-03-01 04:11:03,300 - INFO - Epoch 26 finished. Train Loss: 0.0894 | Val Loss: 0.0692 | LR: 3.73e-06
2026-03-01 04:14:56,555 - INFO - Running validation...
2026-03-01 04:15:12,674 - INFO - Epoch 27 finished. Train Loss: 0.0850 | Val Loss: 0.0842 | LR: 3.71e-06
2026-03-01 04:19:08,482 - INFO - Running validation...
2026-03-01 04:19:24,633 - INFO - Epoch 28 finished. Train Loss: 0.0985 | Val Loss: 0.0968 | LR: 3.69e-06
2026-03-01 04:23:17,585 - INFO - Running validation...
2026-03-01 04:23:33,806 - INFO - Epoch 29 finished. Train Loss: 0.0932 | Val Loss: 0.1000 | LR: 3.66e-06
2026-03-01 04:27:28,820 - INFO - Running validation...
2026-03-01 04:27:44,946 - INFO - Epoch 30 finished. Train Loss: 0.0925 | Val Loss: 0.0928 | LR: 3.64e-06
2026-03-01 04:27:44,986 - INFO - ✓ Checkpoint saved to trained_models/train9/checkpoint_epoch_30
2026-03-01 04:31:38,210 - INFO - Running validation...
2026-03-01 04:31:54,597 - INFO - Epoch 31 finished. Train Loss: 0.1016 | Val Loss: 0.0819 | LR: 3.62e-06
2026-03-01 04:35:50,343 - INFO - Running validation...
2026-03-01 04:36:06,507 - INFO - Epoch 32 finished. Train Loss: 0.0950 | Val Loss: 0.0651 | LR: 3.59e-06
2026-03-01 04:39:53,518 - INFO - Running validation...
2026-03-01 04:40:07,825 - INFO - Epoch 33 finished. Train Loss: 0.0803 | Val Loss: 0.0788 | LR: 3.57e-06
2026-03-01 04:43:40,869 - INFO - Running validation...
2026-03-01 04:43:55,495 - INFO - Epoch 34 finished. Train Loss: 0.0960 | Val Loss: 0.0842 | LR: 3.54e-06
2026-03-01 04:47:27,361 - INFO - Running validation...
2026-03-01 04:47:41,433 - INFO - Epoch 35 finished. Train Loss: 0.0802 | Val Loss: 0.0881 | LR: 3.51e-06
2026-03-01 04:47:41,473 - INFO - ✓ Checkpoint saved to trained_models/train9/checkpoint_epoch_35
2026-03-01 04:51:17,828 - INFO - Running validation...
2026-03-01 04:51:31,767 - INFO - Epoch 36 finished. Train Loss: 0.1004 | Val Loss: 0.0863 | LR: 3.48e-06
2026-03-01 04:54:56,782 - INFO - Running validation...
2026-03-01 04:55:10,996 - INFO - Epoch 37 finished. Train Loss: 0.0856 | Val Loss: 0.0741 | LR: 3.45e-06
2026-03-01 04:58:34,319 - INFO - Running validation...
2026-03-01 04:58:48,265 - INFO - Epoch 38 finished. Train Loss: 0.0866 | Val Loss: 0.0708 | LR: 3.43e-06
2026-03-01 05:02:10,635 - INFO - Running validation...
2026-03-01 05:02:24,588 - INFO - Epoch 39 finished. Train Loss: 0.0907 | Val Loss: 0.0983 | LR: 3.40e-06
2026-03-01 05:05:47,177 - INFO - Running validation...
2026-03-01 05:06:01,138 - INFO - Epoch 40 finished. Train Loss: 0.0994 | Val Loss: 0.0881 | LR: 3.37e-06
2026-03-01 05:06:01,176 - INFO - ✓ Checkpoint saved to trained_models/train9/checkpoint_epoch_40
2026-03-01 05:09:23,359 - INFO - Running validation...
2026-03-01 05:09:37,279 - INFO - Epoch 41 finished. Train Loss: 0.0915 | Val Loss: 0.0909 | LR: 3.33e-06
2026-03-01 05:12:59,550 - INFO - Running validation...
2026-03-01 05:13:13,522 - INFO - Epoch 42 finished. Train Loss: 0.0881 | Val Loss: 0.0820 | LR: 3.30e-06
2026-03-01 05:16:35,012 - INFO - Running validation...
2026-03-01 05:16:48,864 - INFO - Epoch 43 finished. Train Loss: 0.0934 | Val Loss: 0.1140 | LR: 3.27e-06
2026-03-01 05:20:09,766 - INFO - Running validation...
2026-03-01 05:20:23,626 - INFO - Epoch 44 finished. Train Loss: 0.0964 | Val Loss: 0.1050 | LR: 3.24e-06
2026-03-01 05:23:44,656 - INFO - Running validation...
2026-03-01 05:23:58,566 - INFO - Epoch 45 finished. Train Loss: 0.1001 | Val Loss: 0.0841 | LR: 3.20e-06
2026-03-01 05:23:58,603 - INFO - ✓ Checkpoint saved to trained_models/train9/checkpoint_epoch_45
2026-03-01 05:27:19,500 - INFO - Running validation...
2026-03-01 05:27:33,397 - INFO - Epoch 46 finished. Train Loss: 0.1018 | Val Loss: 0.0920 | LR: 3.17e-06
2026-03-01 05:30:54,320 - INFO - Running validation...
2026-03-01 05:31:08,167 - INFO - Epoch 47 finished. Train Loss: 0.0940 | Val Loss: 0.0890 | LR: 3.14e-06
2026-03-01 05:34:28,862 - INFO - Running validation...
2026-03-01 05:34:42,708 - INFO - Epoch 48 finished. Train Loss: 0.1086 | Val Loss: 0.1147 | LR: 3.10e-06
2026-03-01 05:38:03,412 - INFO - Running validation...
2026-03-01 05:38:17,272 - INFO - Epoch 49 finished. Train Loss: 0.0944 | Val Loss: 0.0980 | LR: 3.06e-06
2026-03-01 05:41:38,932 - INFO - Running validation...
2026-03-01 05:41:52,816 - INFO - Epoch 50 finished. Train Loss: 0.0994 | Val Loss: 0.0662 | LR: 3.03e-06
2026-03-01 05:41:52,816 - WARNING - 
⚠ Early stopping triggered at epoch 50: no val-loss improvement > 0.0001 for 41 epochs.
2026-03-01 05:41:52,816 - WARNING -   Best epoch was 9 with val loss 0.0581
2026-03-01 05:41:52,817 - INFO - 
==================================================
2026-03-01 05:41:52,817 - INFO - Training completed!
2026-03-01 05:41:52,817 - INFO - 
 Training Summary:
2026-03-01 05:41:52,817 - INFO -   Best Epoch: 9
2026-03-01 05:41:52,817 - INFO -     Train Loss: 0.0960
2026-03-01 05:41:52,817 - INFO -     Val Loss: 0.0581
2026-03-01 05:41:52,817 - INFO -   Final Epoch: 150
2026-03-01 05:41:52,817 - INFO -     Train Loss: 0.0994
2026-03-01 05:41:52,817 - INFO -     Val Loss: 0.0662
2026-03-01 05:41:52,817 - WARNING -   Final model has higher validation loss - use 'best_model' directory instead!
2026-03-01 05:41:52,817 - INFO - 
Saving final trained model...
2026-03-01 05:41:52,854 - INFO - Model saved to trained_models/train9/final_model
2026-03-01 05:41:52,854 - INFO - 
Generating test samples...
2026-03-01 05:41:57,447 - INFO - Generated test sample for bottle
2026-03-01 05:42:01,978 - INFO - Generated test sample for capsule
2026-03-01 05:42:06,496 - INFO - Generated test sample for pill
2026-03-01 05:42:11,042 - INFO - Generated test sample for toothbrush
2026-03-01 05:42:11,042 - INFO - 
Generating training plots...
2026-03-01 05:42:11,785 - INFO - ✓ Training plot saved to trained_models/train9/training_validation_plot.png
2026-03-01 05:42:11,785 - INFO - 
==================================================
2026-03-01 05:42:11,786 - INFO - All done! You can now run anomal_score.py to test the model.
2026-03-01 05:42:11,786 - INFO - ==================================================
2026-03-01 17:54:04,380 - INFO - Training Configuration:
2026-03-01 17:54:04,380 - INFO - Training Configuration:
2026-03-01 17:54:04,380 - INFO -   categories: ['bottle', 'capsule', 'pill', 'toothbrush']
2026-03-01 17:54:04,380 - INFO -   use_data_augmentation: True
2026-03-01 17:54:04,380 - INFO -   epochs: 150
2026-03-01 17:54:04,380 - INFO -   batch_size: 2
2026-03-01 17:54:04,381 - INFO -   gradient_accumulation_steps: 4
2026-03-01 17:54:04,381 - INFO -   learning_rate: 4e-06
2026-03-01 17:54:04,381 - INFO -   weight_decay: 0.01
2026-03-01 17:54:04,381 - INFO -   max_grad_norm: 1.0
2026-03-01 17:54:04,381 - INFO -   lr_scheduler: cosine
2026-03-01 17:54:04,381 - INFO -   lr_warmup_steps: 100
2026-03-01 17:54:04,381 - INFO -   lr_eta_min: 1e-06
2026-03-01 17:54:04,381 - INFO -   save_every_n_epochs: 5
2026-03-01 17:54:04,381 - INFO -   save_log_every_n_epochs: 5
2026-03-01 17:54:04,381 - INFO -   output_dir: trained_models/train10
2026-03-01 17:54:04,381 - INFO -   image_size: 512
2026-03-01 17:54:04,381 - INFO -   train_split: 0.9
2026-03-01 17:54:04,381 - INFO -   seed: 999
2026-03-01 17:54:04,381 - INFO -   early_stop_patience: 20
2026-03-01 17:54:04,381 - INFO -   early_stop_min_delta: 0.0001
2026-03-01 17:54:04,381 - INFO -   min_epochs_before_early_stop: 50
2026-03-01 17:54:04,381 - INFO -   num_workers: 0
2026-03-01 17:54:04,381 - INFO - ==================================================
2026-03-01 17:54:04,382 - INFO - 
Loading Stable Diffusion model...
2026-03-01 17:54:09,006 - INFO - ✓ Model loaded successfully
2026-03-01 17:54:09,006 - INFO - 
Applying LoRA configuration...
2026-03-01 17:54:09,196 - INFO - LoRA applied:
2026-03-01 17:54:09,199 - INFO - 
Preparing dataset...
2026-03-01 17:54:09,206 - INFO - Loaded 2355 training images from 4 categories
2026-03-01 17:54:09,206 - INFO -   bottle: 609 images
2026-03-01 17:54:09,206 - INFO -   capsule: 619 images
2026-03-01 17:54:09,206 - INFO -   pill: 667 images
2026-03-01 17:54:09,206 - INFO -   toothbrush: 460 images
2026-03-01 17:54:09,207 - INFO - 
Dataset split: 2119 training, 236 validation
2026-03-01 17:54:09,207 - INFO - 
Dataset split: 2119 training, 236 validation
2026-03-01 17:54:09,408 - INFO - 
Starting training on 4 categories...
2026-03-01 17:54:09,409 - INFO - Total epochs: 150
2026-03-01 17:54:09,409 - INFO - Effective batch size: 8
2026-03-01 17:54:09,409 - INFO - 
==================================================
2026-03-01 18:05:37,369 - INFO - Running validation...
2026-03-01 18:06:21,334 - INFO - Epoch 1 finished. Train Loss: 0.1067 | Val Loss: 0.0910 | LR: 4.00e-06
2026-03-01 18:06:21,334 - INFO -   ✓ New best validation loss! Saving best model...
2026-03-01 18:06:21,457 - INFO -   ✓ Best model checkpoint saved to trained_models/train10/checkpoint_epoch_1_BEST
2026-03-01 18:17:08,233 - INFO - Running validation...
2026-03-01 18:17:51,848 - INFO - Epoch 2 finished. Train Loss: 0.1153 | Val Loss: 0.0975 | LR: 4.00e-06
2026-03-01 18:28:38,291 - INFO - Running validation...
2026-03-01 18:29:21,864 - INFO - Epoch 3 finished. Train Loss: 0.1143 | Val Loss: 0.1003 | LR: 4.00e-06
2026-03-01 18:41:02,701 - INFO - Running validation...
2026-03-01 18:41:51,070 - INFO - Epoch 4 finished. Train Loss: 0.1044 | Val Loss: 0.1243 | LR: 3.99e-06
2026-03-01 18:52:03,548 - INFO - Running validation...
2026-03-01 18:52:44,001 - INFO - Epoch 5 finished. Train Loss: 0.1053 | Val Loss: 0.1036 | LR: 3.99e-06
2026-03-01 18:52:44,059 - INFO - ✓ Checkpoint saved to trained_models/train10/checkpoint_epoch_5
2026-03-01 19:02:46,512 - INFO - Running validation...
2026-03-01 19:03:26,932 - INFO - Epoch 6 finished. Train Loss: 0.1031 | Val Loss: 0.0994 | LR: 3.99e-06
2026-03-01 19:13:28,927 - INFO - Running validation...
2026-03-01 19:14:09,345 - INFO - Epoch 7 finished. Train Loss: 0.1127 | Val Loss: 0.1180 | LR: 3.98e-06
2026-03-01 19:24:12,166 - INFO - Running validation...
2026-03-01 19:24:52,599 - INFO - Epoch 8 finished. Train Loss: 0.1025 | Val Loss: 0.1038 | LR: 3.97e-06
2026-03-01 19:34:55,396 - INFO - Running validation...
2026-03-01 19:35:35,761 - INFO - Epoch 9 finished. Train Loss: 0.1068 | Val Loss: 0.0990 | LR: 3.97e-06
2026-03-01 19:45:38,277 - INFO - Running validation...
2026-03-01 19:46:18,651 - INFO - Epoch 10 finished. Train Loss: 0.1117 | Val Loss: 0.1088 | LR: 3.96e-06
2026-03-01 19:46:18,690 - INFO - ✓ Checkpoint saved to trained_models/train10/checkpoint_epoch_10
2026-03-01 19:56:21,724 - INFO - Running validation...
2026-03-01 19:57:02,148 - INFO - Epoch 11 finished. Train Loss: 0.1044 | Val Loss: 0.0934 | LR: 3.95e-06
2026-03-01 20:07:04,447 - INFO - Running validation...
2026-03-01 20:07:44,852 - INFO - Epoch 12 finished. Train Loss: 0.1054 | Val Loss: 0.0997 | LR: 3.94e-06
2026-03-01 20:17:47,415 - INFO - Running validation...
2026-03-01 20:18:27,860 - INFO - Epoch 13 finished. Train Loss: 0.1083 | Val Loss: 0.1094 | LR: 3.93e-06
2026-03-01 20:28:30,167 - INFO - Running validation...
2026-03-01 20:29:10,498 - INFO - Epoch 14 finished. Train Loss: 0.1085 | Val Loss: 0.1083 | LR: 3.92e-06
2026-03-01 20:39:12,990 - INFO - Running validation...
2026-03-01 20:39:53,400 - INFO - Epoch 15 finished. Train Loss: 0.1032 | Val Loss: 0.0936 | LR: 3.91e-06
2026-03-01 20:39:53,444 - INFO - ✓ Checkpoint saved to trained_models/train10/checkpoint_epoch_15
2026-03-01 20:49:56,667 - INFO - Running validation...
2026-03-01 20:50:37,117 - INFO - Epoch 16 finished. Train Loss: 0.1051 | Val Loss: 0.1064 | LR: 3.89e-06
2026-03-01 21:00:41,283 - INFO - Running validation...
2026-03-01 21:01:21,647 - INFO - Epoch 17 finished. Train Loss: 0.1138 | Val Loss: 0.0985 | LR: 3.88e-06
2026-03-01 21:11:25,687 - INFO - Running validation...
2026-03-01 21:12:06,117 - INFO - Epoch 18 finished. Train Loss: 0.1134 | Val Loss: 0.1040 | LR: 3.86e-06
2026-03-01 21:22:09,110 - INFO - Running validation...
2026-03-01 21:22:49,490 - INFO - Epoch 19 finished. Train Loss: 0.1077 | Val Loss: 0.1167 | LR: 3.85e-06
2026-03-01 21:32:53,357 - INFO - Running validation...
2026-03-01 21:33:33,732 - INFO - Epoch 20 finished. Train Loss: 0.1050 | Val Loss: 0.1058 | LR: 3.83e-06
2026-03-01 21:33:33,772 - INFO - ✓ Checkpoint saved to trained_models/train10/checkpoint_epoch_20
2026-03-01 21:43:38,190 - INFO - Running validation...
2026-03-01 21:44:18,570 - INFO - Epoch 21 finished. Train Loss: 0.1149 | Val Loss: 0.1176 | LR: 3.82e-06
2026-03-01 21:54:22,504 - INFO - Running validation...
2026-03-01 21:55:02,909 - INFO - Epoch 22 finished. Train Loss: 0.1127 | Val Loss: 0.1022 | LR: 3.80e-06
2026-03-01 22:05:06,380 - INFO - Running validation...
2026-03-01 22:05:46,767 - INFO - Epoch 23 finished. Train Loss: 0.1145 | Val Loss: 0.1064 | LR: 3.78e-06
2026-03-01 22:15:50,477 - INFO - Running validation...
2026-03-01 22:16:30,831 - INFO - Epoch 24 finished. Train Loss: 0.1140 | Val Loss: 0.1106 | LR: 3.76e-06
2026-03-01 22:26:35,068 - INFO - Running validation...
2026-03-01 22:27:15,470 - INFO - Epoch 25 finished. Train Loss: 0.1164 | Val Loss: 0.1108 | LR: 3.74e-06
2026-03-01 22:27:15,510 - INFO - ✓ Checkpoint saved to trained_models/train10/checkpoint_epoch_25
2026-03-01 22:37:18,903 - INFO - Running validation...
2026-03-01 22:37:59,319 - INFO - Epoch 26 finished. Train Loss: 0.1174 | Val Loss: 0.1070 | LR: 3.72e-06
2026-03-01 22:48:03,212 - INFO - Running validation...
2026-03-01 22:48:43,617 - INFO - Epoch 27 finished. Train Loss: 0.1183 | Val Loss: 0.1200 | LR: 3.70e-06
2026-03-01 22:58:46,366 - INFO - Running validation...
2026-03-01 22:59:26,768 - INFO - Epoch 28 finished. Train Loss: 0.1164 | Val Loss: 0.1111 | LR: 3.67e-06
2026-03-01 23:09:30,222 - INFO - Running validation...
2026-03-01 23:10:10,570 - INFO - Epoch 29 finished. Train Loss: 0.1130 | Val Loss: 0.1133 | LR: 3.65e-06
2026-03-01 23:20:14,864 - INFO - Running validation...
2026-03-01 23:20:55,256 - INFO - Epoch 30 finished. Train Loss: 0.1119 | Val Loss: 0.1136 | LR: 3.63e-06
2026-03-01 23:20:55,295 - INFO - ✓ Checkpoint saved to trained_models/train10/checkpoint_epoch_30
2026-03-01 23:30:58,651 - INFO - Running validation...
2026-03-01 23:31:39,093 - INFO - Epoch 31 finished. Train Loss: 0.1128 | Val Loss: 0.1193 | LR: 3.60e-06
2026-03-01 23:41:43,793 - INFO - Running validation...
2026-03-01 23:42:26,468 - INFO - Epoch 32 finished. Train Loss: 0.1116 | Val Loss: 0.1138 | LR: 3.58e-06
2026-03-01 23:52:56,739 - INFO - Running validation...
2026-03-01 23:53:40,309 - INFO - Epoch 33 finished. Train Loss: 0.1221 | Val Loss: 0.0908 | LR: 3.55e-06
2026-03-01 23:53:40,309 - INFO -   ✓ New best validation loss! Saving best model...
2026-03-01 23:53:40,392 - INFO -   ✓ Best model checkpoint saved to trained_models/train10/checkpoint_epoch_33_BEST
2026-03-02 00:04:44,374 - INFO - Running validation...
2026-03-02 00:05:30,794 - INFO - Epoch 34 finished. Train Loss: 0.1127 | Val Loss: 0.1103 | LR: 3.52e-06
2026-03-02 00:17:25,026 - INFO - Running validation...
2026-03-02 00:18:12,759 - INFO - Epoch 35 finished. Train Loss: 0.1147 | Val Loss: 0.1239 | LR: 3.49e-06
2026-03-02 00:18:12,806 - INFO - ✓ Checkpoint saved to trained_models/train10/checkpoint_epoch_35
2026-03-02 00:29:43,147 - INFO - Running validation...
2026-03-02 00:30:24,090 - INFO - Epoch 36 finished. Train Loss: 0.1157 | Val Loss: 0.0968 | LR: 3.47e-06
2026-03-02 00:40:39,524 - INFO - Running validation...
2026-03-02 00:41:20,404 - INFO - Epoch 37 finished. Train Loss: 0.1078 | Val Loss: 0.1041 | LR: 3.44e-06
2026-03-02 00:51:26,784 - INFO - Running validation...
2026-03-02 00:52:07,642 - INFO - Epoch 38 finished. Train Loss: 0.1157 | Val Loss: 0.1272 | LR: 3.41e-06
2026-03-02 01:02:42,528 - INFO - Running validation...
2026-03-02 01:03:22,897 - INFO - Epoch 39 finished. Train Loss: 0.1124 | Val Loss: 0.1041 | LR: 3.38e-06
2026-03-02 01:13:52,854 - INFO - Running validation...
2026-03-02 01:14:33,347 - INFO - Epoch 40 finished. Train Loss: 0.1130 | Val Loss: 0.1089 | LR: 3.35e-06
2026-03-02 01:14:33,427 - INFO - ✓ Checkpoint saved to trained_models/train10/checkpoint_epoch_40
2026-03-02 01:26:15,692 - INFO - Running validation...
2026-03-02 01:26:59,503 - INFO - Epoch 41 finished. Train Loss: 0.1190 | Val Loss: 0.1275 | LR: 3.32e-06
2026-03-02 01:38:15,092 - INFO - Running validation...
2026-03-02 01:39:00,865 - INFO - Epoch 42 finished. Train Loss: 0.1143 | Val Loss: 0.1172 | LR: 3.28e-06
2026-03-02 01:50:47,457 - INFO - Running validation...
2026-03-02 01:51:32,012 - INFO - Epoch 43 finished. Train Loss: 0.1170 | Val Loss: 0.1221 | LR: 3.25e-06
2026-03-02 02:03:19,212 - INFO - Running validation...
2026-03-02 02:04:04,492 - INFO - Epoch 44 finished. Train Loss: 0.1229 | Val Loss: 0.1444 | LR: 3.22e-06
2026-03-02 02:15:23,313 - INFO - Running validation...
2026-03-02 02:16:07,603 - INFO - Epoch 45 finished. Train Loss: 0.1137 | Val Loss: 0.0883 | LR: 3.18e-06
2026-03-02 02:16:07,603 - INFO -   ✓ New best validation loss! Saving best model...
2026-03-02 02:16:07,717 - INFO -   ✓ Best model checkpoint saved to trained_models/train10/checkpoint_epoch_45_BEST
2026-03-02 02:16:07,763 - INFO - ✓ Checkpoint saved to trained_models/train10/checkpoint_epoch_45
2026-03-02 02:27:33,305 - INFO - Running validation...
2026-03-02 02:28:16,871 - INFO - Epoch 46 finished. Train Loss: 0.1169 | Val Loss: 0.1211 | LR: 3.15e-06
2026-03-02 02:39:46,799 - INFO - Running validation...
2026-03-02 02:40:29,619 - INFO - Epoch 47 finished. Train Loss: 0.1200 | Val Loss: 0.1128 | LR: 3.12e-06
2026-03-02 02:50:49,444 - INFO - Running validation...
2026-03-02 02:51:31,419 - INFO - Epoch 48 finished. Train Loss: 0.1161 | Val Loss: 0.1243 | LR: 3.08e-06
2026-03-02 03:01:41,987 - INFO - Running validation...
2026-03-02 03:02:24,140 - INFO - Epoch 49 finished. Train Loss: 0.1201 | Val Loss: 0.0999 | LR: 3.05e-06
2026-03-02 03:12:36,043 - INFO - Running validation...
2026-03-02 03:13:21,658 - INFO - Epoch 50 finished. Train Loss: 0.1216 | Val Loss: 0.1081 | LR: 3.01e-06
2026-03-02 03:13:21,710 - INFO - ✓ Checkpoint saved to trained_models/train10/checkpoint_epoch_50
2026-03-02 03:25:05,771 - INFO - Running validation...
2026-03-02 03:25:53,281 - INFO - Epoch 51 finished. Train Loss: 0.1182 | Val Loss: 0.1104 | LR: 2.97e-06
2026-03-02 03:37:33,264 - INFO - Running validation...
2026-03-02 03:38:20,789 - INFO - Epoch 52 finished. Train Loss: 0.1166 | Val Loss: 0.1057 | LR: 2.94e-06
2026-03-02 03:49:32,484 - INFO - Running validation...
2026-03-02 03:50:13,720 - INFO - Epoch 53 finished. Train Loss: 0.1233 | Val Loss: 0.1249 | LR: 2.90e-06
2026-03-02 04:00:26,937 - INFO - Running validation...
2026-03-02 04:01:07,967 - INFO - Epoch 54 finished. Train Loss: 0.1205 | Val Loss: 0.1211 | LR: 2.86e-06
2026-03-02 04:11:24,593 - INFO - Running validation...
2026-03-02 04:12:05,476 - INFO - Epoch 55 finished. Train Loss: 0.1135 | Val Loss: 0.1193 | LR: 2.82e-06
2026-03-02 04:12:05,533 - INFO - ✓ Checkpoint saved to trained_models/train10/checkpoint_epoch_55
2026-03-02 04:22:21,301 - INFO - Running validation...
2026-03-02 04:23:03,187 - INFO - Epoch 56 finished. Train Loss: 0.1175 | Val Loss: 0.1257 | LR: 2.78e-06
2026-03-02 04:33:15,145 - INFO - Running validation...
2026-03-02 04:33:56,839 - INFO - Epoch 57 finished. Train Loss: 0.1187 | Val Loss: 0.1134 | LR: 2.75e-06
2026-03-02 04:44:07,954 - INFO - Running validation...
2026-03-02 04:44:48,810 - INFO - Epoch 58 finished. Train Loss: 0.1213 | Val Loss: 0.1417 | LR: 2.71e-06
2026-03-02 04:55:02,956 - INFO - Running validation...
2026-03-02 04:55:43,941 - INFO - Epoch 59 finished. Train Loss: 0.1139 | Val Loss: 0.1211 | LR: 2.67e-06
2026-03-02 05:05:48,437 - INFO - Running validation...
2026-03-02 05:06:28,764 - INFO - Epoch 60 finished. Train Loss: 0.1185 | Val Loss: 0.1087 | LR: 2.63e-06
2026-03-02 05:06:28,802 - INFO - ✓ Checkpoint saved to trained_models/train10/checkpoint_epoch_60
2026-03-02 05:16:39,242 - INFO - Running validation...
2026-03-02 05:17:20,508 - INFO - Epoch 61 finished. Train Loss: 0.1104 | Val Loss: 0.1267 | LR: 2.59e-06
2026-03-02 05:27:37,446 - INFO - Running validation...
2026-03-02 05:28:18,574 - INFO - Epoch 62 finished. Train Loss: 0.1200 | Val Loss: 0.1231 | LR: 2.55e-06
2026-03-02 05:38:33,098 - INFO - Running validation...
2026-03-02 05:39:13,351 - INFO - Epoch 63 finished. Train Loss: 0.1242 | Val Loss: 0.1037 | LR: 2.51e-06
2026-03-02 05:49:16,587 - INFO - Running validation...
2026-03-02 05:49:56,830 - INFO - Epoch 64 finished. Train Loss: 0.1125 | Val Loss: 0.1195 | LR: 2.47e-06
2026-03-02 05:59:58,442 - INFO - Running validation...
2026-03-02 06:00:38,747 - INFO - Epoch 65 finished. Train Loss: 0.1201 | Val Loss: 0.1099 | LR: 2.42e-06
2026-03-02 06:00:38,747 - WARNING - 
⚠ Early stopping triggered at epoch 65: no val-loss improvement > 0.0001 for 20 epochs.
2026-03-02 06:00:38,748 - WARNING -   Best epoch was 45 with val loss 0.0883
2026-03-02 06:00:38,749 - INFO - 
==================================================
2026-03-02 06:00:38,749 - INFO - Training completed!
2026-03-02 06:00:38,749 - INFO - 
 Training Summary:
2026-03-02 06:00:38,749 - INFO -   Best Epoch: 45
2026-03-02 06:00:38,749 - INFO -     Train Loss: 0.1137
2026-03-02 06:00:38,749 - INFO -     Val Loss: 0.0883
2026-03-02 06:00:38,749 - INFO -   Final Epoch: 150
2026-03-02 06:00:38,749 - INFO -     Train Loss: 0.1201
2026-03-02 06:00:38,749 - INFO -     Val Loss: 0.1099
2026-03-02 06:00:38,749 - WARNING -   Final model has higher validation loss - use 'best_model' directory instead!
2026-03-02 06:00:38,749 - INFO - 
Saving final trained model...
2026-03-02 06:00:38,789 - INFO - Model saved to trained_models/train10/final_model
2026-03-02 06:00:38,789 - INFO - 
Generating test samples...
2026-03-02 06:00:43,570 - INFO - Generated test sample for bottle
2026-03-02 06:00:48,179 - INFO - Generated test sample for capsule
2026-03-02 06:00:52,805 - INFO - Generated test sample for pill
2026-03-02 06:00:57,444 - INFO - Generated test sample for toothbrush
2026-03-02 06:00:57,444 - INFO - 
Generating training plots...
2026-03-02 06:00:58,324 - INFO - ✓ Training plot saved to trained_models/train10/training_validation_plot.png
2026-03-02 06:00:58,325 - INFO - 
==================================================
2026-03-02 06:00:58,325 - INFO - All done! You can now run anomal_score.py to test the model.
2026-03-02 06:00:58,325 - INFO - ==================================================
